// Jest Snapshot v1, https://goo.gl/fbAQLP

exports[`App renders the app correctly 1`] = `
<BrowserRouter>
  <div>
    <Navbar
      bg="dark"
      collapseOnSelect={false}
      expand={true}
      variant="light"
    >
      <Link
        to="/"
      >
        <NavbarBrand>
          NW Dashboard
          <span
            className="jam jam-leaf ml-2 mr-3"
          />
        </NavbarBrand>
      </Link>
      <NavbarToggle
        aria-controls="navigation"
        label="Toggle navigation"
      />
      <NavbarCollapse
        id="navigation"
      >
        <Nav
          className="mr-auto"
          fill={false}
          justify={false}
        >
          <Link
            to="/history/intakecoolant/day"
          >
            <NavItem
              className="mr-5"
            >
              History
              <span
                className="jam jam-history ml-2"
              />
            </NavItem>
          </Link>
          <Link
            to="/webcams"
          >
            <NavItem
              className="mr-5"
            >
              Webcams
              <span
                className="jam jam-camera-alt ml-2"
              />
            </NavItem>
          </Link>
        </Nav>
      </NavbarCollapse>
    </Navbar>
    <Container
      fluid={false}
    >
      <Switch>
        <Route
          exact={true}
          path="/"
        >
          <Component
            sensorData={null}
          />
        </Route>
        <Route
          component={[Function]}
          exact={true}
          path="/history/:sensor/:scope"
        />
        <Route
          exact={true}
          path="/webcams"
        >
          <Component
            webcamData={null}
          />
        </Route>
        <Route
          component={[Function]}
          path="*"
        />
      </Switch>
    </Container>
  </div>
</BrowserRouter>
`;
